// Jest Snapshot v1, https://goo.gl/fbAQLP

exports[`App testing snapshots 1`] = `
<Fragment>
  <div
    id="hello"
  >
    Hello World!
  </div>
  <Test />
  <p>
    Testing snapshots!
  </p>
</Fragment>
`;
