// Jest Snapshot v1, https://goo.gl/fbAQLP

exports[`App App Snapshot 1`] = `
<Fragment>
  <SocialMediaIcons />
  <div
    id="overall-container"
  >
    <Connect(Overview) />
    <Connect(RelatedItems)
      async={true}
    />
    <Connect(Reviews) />
  </div>
</Fragment>
`;
