// Jest Snapshot v1, https://goo.gl/fbAQLP

exports[`ProductCard ProductCard Snapshot 1`] = `
<div
  className="product-card"
  key="0"
  role="cell"
>
  <div
    className="product-image-container"
    role="img"
  >
    <LazyLoad
      className=""
      classNamePrefix="lazyload"
      height="220"
      offset={0}
      once={false}
      overflow={false}
      resize={false}
      scroll={true}
      unmountIfInvisible={false}
    >
      <object
        alt="Camo Onesie"
        async={true}
        className="product-image"
        data="https://images.unsplash.com/photo-1501088430049-71c79fa3283e?ixlib=rb-1.2.1&ixid=eyJhcHBfaWQiOjEyMDd9&auto=format&fit=crop&w=668&q=80"
        height="220"
        onClick={[Function]}
        type="image/jpg"
        width="auto"
      >
        Camo Onesie
      </object>
    </LazyLoad>
    <span
      aria-label="Compare Product"
      className="compare-product-button"
      role="button"
    >
      <i
        className="far fa-star"
      />
      <ComparisonModal
        currentProduct={
          Object {
            "campus": "hrnyc",
            "category": "Jackets",
            "created_at": "2021-01-12T21:17:59.200Z",
            "default_price": "140.00",
            "description": "The So Fatigues will wake you up and fit you in. This high energy camo will have you blending in to even the wildest surroundings.",
            "features": Array [
              Object {
                "feature": "Fabric",
                "value": "Canvas",
              },
              Object {
                "feature": "Buttons",
                "value": "Brass",
              },
            ],
            "id": 11001,
            "name": "Camo Onesie",
            "slogan": "Blend in to your crowd",
            "stylePhoto": "https://images.unsplash.com/photo-1501088430049-71c79fa3283e?ixlib=rb-1.2.1&ixid=eyJhcHBfaWQiOjEyMDd9&auto=format&fit=crop&w=668&q=80",
            "total": 4.7,
            "updated_at": "2021-01-12T21:17:59.200Z",
          }
        }
        product={
          Object {
            "campus": "hrnyc",
            "category": "Jackets",
            "created_at": "2021-01-12T21:17:59.200Z",
            "default_price": "140.00",
            "description": "The So Fatigues will wake you up and fit you in. This high energy camo will have you blending in to even the wildest surroundings.",
            "features": Array [
              Object {
                "feature": "Fabric",
                "value": "Canvas",
              },
              Object {
                "feature": "Buttons",
                "value": "Brass",
              },
            ],
            "id": 11001,
            "name": "Camo Onesie",
            "slogan": "Blend in to your crowd",
            "stylePhoto": "https://images.unsplash.com/photo-1501088430049-71c79fa3283e?ixlib=rb-1.2.1&ixid=eyJhcHBfaWQiOjEyMDd9&auto=format&fit=crop&w=668&q=80",
            "total": 4.7,
            "updated_at": "2021-01-12T21:17:59.200Z",
          }
        }
      />
    </span>
  </div>
  <span
    className="product-category"
    onClick={[Function]}
  >
    Jackets
  </span>
  <h4
    className="product-name"
    onClick={[Function]}
  >
    Camo Onesie
  </h4>
  <span
    className="product-price"
    onClick={[Function]}
  >
    $
    140.00
  </span>
  <span
    className="product-rating"
    onClick={[Function]}
  >
    <Stars
      onClick={[Function]}
      total={4.7}
    />
  </span>
</div>
`;
